// Jest Snapshot v1, https://goo.gl/fbAQLP

exports[`New Game Component UI Away team picked and highlighted -- Snapshot Test 1`] = `
<div
  className="py-4 flex justify-between"
>
  <div
    className="shadow-[0_0_4px_0_rgba(0,0,0,0.1)] w-[49%] px-2 py-4 rounded-md flex items-center justify-between text-xs"
    data-testid="awayTeam"
    onClick={[Function]}
    style={
      {
        "background": "rgba(168, 85, 247, 0.04)",
        "outline": "1px solid rgba(168, 85, 247, 0.76)",
      }
    }
  >
    <div
      className="flex items-center"
    >
      <p
        style={
          {
            "color": "#000000",
          }
        }
      >
        CIN
         
        <span
          className="font-bold text-[0.85rem]"
        >
          Bengals
        </span>
      </p>
      <p
        className="text-xs text-gray-400 text-center ml-1"
      >
        (
        5
         - 
        6
        )
      </p>
    </div>
  </div>
  <div
    className="shadow-[0_0_4px_0_rgba(0,0,0,0.1)] w-[49%] px-2 py-4 rounded-md flex items-center justify-between text-xs"
    data-testid="homeTeam"
    onClick={[Function]}
    style={{}}
  >
    <div
      className="flex items-center"
    >
      <p
        style={
          {
            "color": "#007487",
          }
        }
      >
        JAX
         
        <span
          className="font-bold text-[0.85rem]"
        >
          Jaguars
        </span>
      </p>
      <p
        className="text-xs text-gray-400 text-center ml-1"
      >
        (
        8
         - 
        3
        )
      </p>
    </div>
  </div>
</div>
`;
